// Jest Snapshot v1, https://goo.gl/fbAQLP

exports[`snapshot for weathercomponent 1`] = `
Object {
  "asFragment": [Function],
  "baseElement": <body>
    <div>
      <div>
        <h1>
           Current Weather Condition of 
        </h1>
        <div
          class="MuiBox-root css-19fakeq"
        >
          <div
            class="MuiPaper-root MuiPaper-elevation MuiPaper-rounded MuiPaper-elevation5 css-qh7kl5-MuiPaper-root"
          >
            <tr
              class="MuiTableRow-root MuiTableRow-hover css-hsq12k-MuiTableRow-root"
            >
              <th
                class="MuiTableCell-root MuiTableCell-sizeMedium css-abrcdy-MuiTableCell-root"
                scope="row"
              >
                <button
                  class="MuiButton-root MuiButton-outlined MuiButton-outlinedPrimary MuiButton-sizeMedium MuiButton-outlinedSizeMedium MuiButtonBase-root  css-1rwt2y5-MuiButtonBase-root-MuiButton-root"
                  tabindex="0"
                  type="button"
                >
                  .
                  <span
                    class="MuiTouchRipple-root css-8je8zh-MuiTouchRipple-root"
                  />
                </button>
              </th>
              <td
                class="MuiTableCell-root MuiTableCell-sizeMedium css-bsph2u-MuiTableCell-root"
              >
                <div
                  class="css-1q36rmd-MuiStack-root"
                >
                  <p
                    class="MuiTypography-root MuiTypography-body1 css-18a95wn-MuiTypography-root"
                    style="color: white;"
                  >
                    Temparature
                    <p
                      class="MuiTypography-root MuiTypography-body1 css-ahj2mt-MuiTypography-root"
                    >
                       
                    </p>
                    <p
                      class="MuiTypography-root MuiTypography-body1 css-ahj2mt-MuiTypography-root"
                      style="color: black; text-align: center;"
                    >
                       Degree Celsius 
                    </p>
                  </p>
                </div>
              </td>
              <td
                class="MuiTableCell-root MuiTableCell-sizeMedium css-bsph2u-MuiTableCell-root"
              >
                <button
                  aria-label="delete"
                  class="MuiButtonBase-root MuiIconButton-root MuiIconButton-sizeLarge css-mf1cb5-MuiButtonBase-root-MuiIconButton-root"
                  tabindex="0"
                  type="button"
                >
                  <p
                    class="MuiTypography-root MuiTypography-body1 css-18a95wn-MuiTypography-root"
                  >
                    <p
                      class="MuiTypography-root MuiTypography-body1 css-ahj2mt-MuiTypography-root"
                      style="color: white;"
                    >
                      Wind Speed
                    </p>
                    <b>
                       
                    </b>
                    <b>
                      Kilometers/Hour
                    </b>
                  </p>
                  <span
                    class="MuiTouchRipple-root css-8je8zh-MuiTouchRipple-root"
                  />
                </button>
              </td>
              <td
                class="MuiTableCell-root MuiTableCell-sizeMedium css-bsph2u-MuiTableCell-root"
              >
                <button
                  aria-label="delete"
                  class="MuiButtonBase-root MuiIconButton-root MuiIconButton-sizeLarge css-ck0qya-MuiButtonBase-root-MuiIconButton-root"
                  tabindex="0"
                  type="button"
                >
                  <p
                    class="MuiTypography-root MuiTypography-body1 css-ahj2mt-MuiTypography-root"
                    style="color: white;"
                  >
                    Precip:
                    <p
                      class="MuiTypography-root MuiTypography-body1 css-ahj2mt-MuiTypography-root"
                      style="color: black;"
                    >
                      0
                    </p>
                  </p>
                  <span
                    class="MuiTouchRipple-root css-8je8zh-MuiTouchRipple-root"
                  />
                </button>
              </td>
              <td
                class="MuiTableCell-root MuiTableCell-sizeMedium css-bsph2u-MuiTableCell-root"
              />
              <td
                class="MuiTableCell-root MuiTableCell-sizeMedium css-bsph2u-MuiTableCell-root"
              >
                <button
                  aria-label="delete"
                  class="MuiButtonBase-root MuiIconButton-root MuiIconButton-sizeLarge css-mf1cb5-MuiButtonBase-root-MuiIconButton-root"
                  tabindex="0"
                  type="button"
                >
                  <div
                    class="MuiAvatar-root MuiAvatar-rounded MuiAvatar-colorDefault css-6xa57l-MuiAvatar-root"
                  >
                    <svg
                      aria-hidden="true"
                      class="MuiSvgIcon-root MuiSvgIcon-fontSizeMedium MuiAvatar-fallback css-10mi8st-MuiSvgIcon-root-MuiAvatar-fallback"
                      data-testid="PersonIcon"
                      focusable="false"
                      viewBox="0 0 24 24"
                    >
                      <path
                        d="M12 12c2.21 0 4-1.79 4-4s-1.79-4-4-4-4 1.79-4 4 1.79 4 4 4zm0 2c-2.67 0-8 1.34-8 4v2h16v-2c0-2.66-5.33-4-8-4z"
                      />
                    </svg>
                  </div>
                  <span
                    class="MuiTouchRipple-root css-8je8zh-MuiTouchRipple-root"
                  />
                </button>
              </td>
            </tr>
            <div
              class="MuiAvatar-root MuiAvatar-rounded MuiAvatar-colorDefault css-1e5t2c1-MuiAvatar-root"
            >
              <svg
                aria-hidden="true"
                class="MuiSvgIcon-root MuiSvgIcon-fontSizeMedium MuiAvatar-fallback css-10mi8st-MuiSvgIcon-root-MuiAvatar-fallback"
                data-testid="PersonIcon"
                focusable="false"
                viewBox="0 0 24 24"
              >
                <path
                  d="M12 12c2.21 0 4-1.79 4-4s-1.79-4-4-4-4 1.79-4 4 1.79 4 4 4zm0 2c-2.67 0-8 1.34-8 4v2h16v-2c0-2.66-5.33-4-8-4z"
                />
              </svg>
            </div>
          </div>
        </div>
      </div>
    </div>
  </body>,
  "container": <div>
    <div>
      <h1>
         Current Weather Condition of 
      </h1>
      <div
        class="MuiBox-root css-19fakeq"
      >
        <div
          class="MuiPaper-root MuiPaper-elevation MuiPaper-rounded MuiPaper-elevation5 css-qh7kl5-MuiPaper-root"
        >
          <tr
            class="MuiTableRow-root MuiTableRow-hover css-hsq12k-MuiTableRow-root"
          >
            <th
              class="MuiTableCell-root MuiTableCell-sizeMedium css-abrcdy-MuiTableCell-root"
              scope="row"
            >
              <button
                class="MuiButton-root MuiButton-outlined MuiButton-outlinedPrimary MuiButton-sizeMedium MuiButton-outlinedSizeMedium MuiButtonBase-root  css-1rwt2y5-MuiButtonBase-root-MuiButton-root"
                tabindex="0"
                type="button"
              >
                .
                <span
                  class="MuiTouchRipple-root css-8je8zh-MuiTouchRipple-root"
                />
              </button>
            </th>
            <td
              class="MuiTableCell-root MuiTableCell-sizeMedium css-bsph2u-MuiTableCell-root"
            >
              <div
                class="css-1q36rmd-MuiStack-root"
              >
                <p
                  class="MuiTypography-root MuiTypography-body1 css-18a95wn-MuiTypography-root"
                  style="color: white;"
                >
                  Temparature
                  <p
                    class="MuiTypography-root MuiTypography-body1 css-ahj2mt-MuiTypography-root"
                  >
                     
                  </p>
                  <p
                    class="MuiTypography-root MuiTypography-body1 css-ahj2mt-MuiTypography-root"
                    style="color: black; text-align: center;"
                  >
                     Degree Celsius 
                  </p>
                </p>
              </div>
            </td>
            <td
              class="MuiTableCell-root MuiTableCell-sizeMedium css-bsph2u-MuiTableCell-root"
            >
              <button
                aria-label="delete"
                class="MuiButtonBase-root MuiIconButton-root MuiIconButton-sizeLarge css-mf1cb5-MuiButtonBase-root-MuiIconButton-root"
                tabindex="0"
                type="button"
              >
                <p
                  class="MuiTypography-root MuiTypography-body1 css-18a95wn-MuiTypography-root"
                >
                  <p
                    class="MuiTypography-root MuiTypography-body1 css-ahj2mt-MuiTypography-root"
                    style="color: white;"
                  >
                    Wind Speed
                  </p>
                  <b>
                     
                  </b>
                  <b>
                    Kilometers/Hour
                  </b>
                </p>
                <span
                  class="MuiTouchRipple-root css-8je8zh-MuiTouchRipple-root"
                />
              </button>
            </td>
            <td
              class="MuiTableCell-root MuiTableCell-sizeMedium css-bsph2u-MuiTableCell-root"
            >
              <button
                aria-label="delete"
                class="MuiButtonBase-root MuiIconButton-root MuiIconButton-sizeLarge css-ck0qya-MuiButtonBase-root-MuiIconButton-root"
                tabindex="0"
                type="button"
              >
                <p
                  class="MuiTypography-root MuiTypography-body1 css-ahj2mt-MuiTypography-root"
                  style="color: white;"
                >
                  Precip:
                  <p
                    class="MuiTypography-root MuiTypography-body1 css-ahj2mt-MuiTypography-root"
                    style="color: black;"
                  >
                    0
                  </p>
                </p>
                <span
                  class="MuiTouchRipple-root css-8je8zh-MuiTouchRipple-root"
                />
              </button>
            </td>
            <td
              class="MuiTableCell-root MuiTableCell-sizeMedium css-bsph2u-MuiTableCell-root"
            />
            <td
              class="MuiTableCell-root MuiTableCell-sizeMedium css-bsph2u-MuiTableCell-root"
            >
              <button
                aria-label="delete"
                class="MuiButtonBase-root MuiIconButton-root MuiIconButton-sizeLarge css-mf1cb5-MuiButtonBase-root-MuiIconButton-root"
                tabindex="0"
                type="button"
              >
                <div
                  class="MuiAvatar-root MuiAvatar-rounded MuiAvatar-colorDefault css-6xa57l-MuiAvatar-root"
                >
                  <svg
                    aria-hidden="true"
                    class="MuiSvgIcon-root MuiSvgIcon-fontSizeMedium MuiAvatar-fallback css-10mi8st-MuiSvgIcon-root-MuiAvatar-fallback"
                    data-testid="PersonIcon"
                    focusable="false"
                    viewBox="0 0 24 24"
                  >
                    <path
                      d="M12 12c2.21 0 4-1.79 4-4s-1.79-4-4-4-4 1.79-4 4 1.79 4 4 4zm0 2c-2.67 0-8 1.34-8 4v2h16v-2c0-2.66-5.33-4-8-4z"
                    />
                  </svg>
                </div>
                <span
                  class="MuiTouchRipple-root css-8je8zh-MuiTouchRipple-root"
                />
              </button>
            </td>
          </tr>
          <div
            class="MuiAvatar-root MuiAvatar-rounded MuiAvatar-colorDefault css-1e5t2c1-MuiAvatar-root"
          >
            <svg
              aria-hidden="true"
              class="MuiSvgIcon-root MuiSvgIcon-fontSizeMedium MuiAvatar-fallback css-10mi8st-MuiSvgIcon-root-MuiAvatar-fallback"
              data-testid="PersonIcon"
              focusable="false"
              viewBox="0 0 24 24"
            >
              <path
                d="M12 12c2.21 0 4-1.79 4-4s-1.79-4-4-4-4 1.79-4 4 1.79 4 4 4zm0 2c-2.67 0-8 1.34-8 4v2h16v-2c0-2.66-5.33-4-8-4z"
              />
            </svg>
          </div>
        </div>
      </div>
    </div>
  </div>,
  "debug": [Function],
  "findAllByAltText": [Function],
  "findAllByDisplayValue": [Function],
  "findAllByLabelText": [Function],
  "findAllByPlaceholderText": [Function],
  "findAllByRole": [Function],
  "findAllByTestId": [Function],
  "findAllByText": [Function],
  "findAllByTitle": [Function],
  "findByAltText": [Function],
  "findByDisplayValue": [Function],
  "findByLabelText": [Function],
  "findByPlaceholderText": [Function],
  "findByRole": [Function],
  "findByTestId": [Function],
  "findByText": [Function],
  "findByTitle": [Function],
  "getAllByAltText": [Function],
  "getAllByDisplayValue": [Function],
  "getAllByLabelText": [Function],
  "getAllByPlaceholderText": [Function],
  "getAllByRole": [Function],
  "getAllByTestId": [Function],
  "getAllByText": [Function],
  "getAllByTitle": [Function],
  "getByAltText": [Function],
  "getByDisplayValue": [Function],
  "getByLabelText": [Function],
  "getByPlaceholderText": [Function],
  "getByRole": [Function],
  "getByTestId": [Function],
  "getByText": [Function],
  "getByTitle": [Function],
  "queryAllByAltText": [Function],
  "queryAllByDisplayValue": [Function],
  "queryAllByLabelText": [Function],
  "queryAllByPlaceholderText": [Function],
  "queryAllByRole": [Function],
  "queryAllByTestId": [Function],
  "queryAllByText": [Function],
  "queryAllByTitle": [Function],
  "queryByAltText": [Function],
  "queryByDisplayValue": [Function],
  "queryByLabelText": [Function],
  "queryByPlaceholderText": [Function],
  "queryByRole": [Function],
  "queryByTestId": [Function],
  "queryByText": [Function],
  "queryByTitle": [Function],
  "rerender": [Function],
  "unmount": [Function],
}
`;